---
source: crates/stepflow-main/tests/commands/test_serve.rs
info:
  program: stepflow
  args:
    - "--log-file=/dev/null"
    - "--omit-stack-trace"
    - serve
    - "--help"
---
success: true
exit_code: 0
----- stdout -----
Start a StepFlow service

Usage: stepflow serve [OPTIONS]

Options:
      --log-level <LEVEL>
          Set the log level for StepFlow
          
          [default: info]
          [possible values: trace, debug, info, warn, error]

      --port <PORT>
          Port to run the service on
          
          [default: 7837]

      --config <FILE>
          The path to the stepflow config file.
          
          If not specified, will look for `stepflow-config.yml` in the directory containing the workflow file. If that isn't found, will also look in the current directory.

      --other-log-level <LEVEL>
          Set the log level for other parts of StepFlow
          
          [default: warn]
          [possible values: trace, debug, info, warn, error]

      --log-file <FILE>
          Write logs to a file instead of stderr

      --omit-stack-trace
          Omit stack traces (line numbers of errors)

  -h, --help
          Print help (see a summary with '-h')

----- stderr -----
